2026-03-05 18:59:26,275 - INFO - 
============================================================
2026-03-05 18:59:26,277 - INFO - INICIANDO PROCESO ETL
2026-03-05 18:59:26,277 - INFO - ============================================================

2026-03-05 18:59:26,278 - INFO - ====== INICIANDO FASE DE EXTRACCIÓN ======
2026-03-05 18:59:26,278 - INFO - Extrayendo datos de: Dataset 1.csv
2026-03-05 18:59:26,387 - INFO -  Registros extraídos de Dataset 1.csv: 10000
2026-03-05 18:59:26,389 - INFO - Extrayendo datos de: Dataset 2.csv
2026-03-05 18:59:26,459 - INFO -  Registros extraídos de Dataset 2.csv: 10000
2026-03-05 18:59:26,486 - INFO -  Total de registros únicos después de combinar: 10001
2026-03-05 18:59:26,488 - INFO - ====== INICIANDO FASE DE TRANSFORMACIÓN ======
2026-03-05 18:59:26,493 - INFO - Limpiando género...
2026-03-05 18:59:26,502 - INFO - Parseando fechas...
2026-03-05 18:59:27,153 - INFO - Limpiando precios...
2026-03-05 18:59:27,167 - INFO - Limpiando edades...
2026-03-05 18:59:27,173 - INFO -  Registros después de transformación: 10000
2026-03-05 18:59:27,173 - INFO -  Transformación completada exitosamente
2026-03-05 18:59:27,316 - INFO -  Conectado a SQL Server
2026-03-05 18:59:27,316 - INFO - Insertando pasajeros en Dim_Pasajero...
2026-03-05 18:59:55,182 - INFO -  10000 pasajeros insertados en Dim_Pasajero
2026-03-05 18:59:55,182 - INFO - Insertando tiempos en Dim_Tiempo...
2026-03-05 19:00:16,587 - INFO -  9960 tiempos insertados en Dim_Tiempo
2026-03-05 19:00:16,588 - INFO - Insertando canales en Dim_CanalVenta...
2026-03-05 19:00:16,622 - INFO -  6 canales insertados en Dim_CanalVenta
2026-03-05 19:00:16,624 - INFO - Insertando métodos de pago en Dim_MetodoPago...
2026-03-05 19:00:16,648 - INFO -  5 métodos insertados en Dim_MetodoPago
2026-03-05 19:00:16,648 - INFO - Insertando monedas en Dim_Moneda...
2026-03-05 19:00:16,662 - INFO -  4 monedas insertadas en Dim_Moneda
2026-03-05 19:00:16,662 - INFO - ====== INICIANDO FASE DE CARGA ======
2026-03-05 19:00:16,663 - INFO - Insertando ventas en Hecho_Venta...
2026-03-05 19:02:25,845 - INFO - 10000 ventas insertadas en Hecho_Venta
2026-03-05 19:02:25,845 - INFO - Carga completada exitosamente
2026-03-05 19:02:25,845 - INFO - 
============================================================
2026-03-05 19:02:25,845 - INFO - PROCESO ETL COMPLETADO EXITOSAMENTE
2026-03-05 19:02:25,845 - INFO - ============================================================

2026-03-05 19:02:25,847 - INFO - Desconectado de SQL Server
